Loading data/add20/add20.mtx
Matrix: 2395 x 2395, nnz = 17319

Native KLU + double-residual iterative refinement (factor in posit):
type          |   plain res  plain ferr    it |   quire res  quire ferr    it
--------------------------------------------------------------------------
posit<16,2>   |   3.386e-04   3.998e+00     5 |   3.025e-04   3.576e+00     4
posit<32,2>   |   1.789e-16   2.502e-13     3 |   1.806e-16   1.821e-13     3

Product magnitude distribution (posit<16,2> plain factorization):
  65755 products recorded, 38159 exact zeros
  1e-13  [     58] 
  1e-12  [   1139] ####
  1e-11  [    450] #
  1e-10  [   1727] ######
  1e-9   [   1242] ####
  1e-8   [    192] 
  1e-7   [   4604] ##################
  1e-6   [  10620] #########################################
  1e-5   [  12277] ################################################
  1e-4   [   8330] ################################
  1e-3   [   1271] #####
  1e-2   [  11029] ###########################################
  1e-1   [  12690] ##################################################
  1e0    [    126] 

Product magnitude distribution (posit<16,2> quire factorization):
  52604 products recorded, 33991 exact zeros
  1e-13  [     45] 
  1e-12  [    907] ####
  1e-11  [    369] #
  1e-10  [   1371] ######
  1e-9   [    996] ####
  1e-8   [    158] 
  1e-7   [   3626] ##################
  1e-6   [   8549] ##########################################
  1e-5   [   9848] #################################################
  1e-4   [   6649] #################################
  1e-3   [   1010] #####
  1e-2   [   8968] ############################################
  1e-1   [  10009] ##################################################
  1e0    [     83] 
  1e1    [     16] 

Dynamic range distribution (posit<16,2> plain factorization):
  11975 dot products recorded, 0 single-term, 2395 empty
   0 decades [    210] ###
   1 decades [    124] #
   2 decades [   3299] ##################################################
   3 decades [   1437] #####################
   4 decades [    926] ##############
   5 decades [   1154] #################
   6 decades [    177] ##
   7 decades [   1727] ##########################
   8 decades [   1210] ##################
   9 decades [    701] ##########
  10 decades [   1009] ###############
  11 decades [      1] 

Dynamic range distribution (posit<16,2> quire factorization):
  9580 dot products recorded, 0 single-term, 2395 empty
   0 decades [    168] ###
   1 decades [     96] #
   2 decades [   2629] ##################################################
   3 decades [   1158] ######################
   4 decades [    742] ##############
   5 decades [    926] #################
   6 decades [    144] ##
   7 decades [   1367] #########################
   8 decades [    981] ##################
   9 decades [    558] ##########
  10 decades [    810] ###############
  11 decades [      1] 

Product magnitude distribution (posit<32,2> plain factorization):
  39453 products recorded, 29823 exact zeros
  1e-13  [     36] 
  1e-12  [    675] ####
  1e-11  [    291] #
  1e-10  [   1032] ######
  1e-9   [    732] ####
  1e-8   [    132] 
  1e-7   [   3594] ######################
  1e-6   [   5562] ###################################
  1e-5   [   7362] ##############################################
  1e-4   [   4980] ###############################
  1e-3   [    750] ####
  1e-2   [   6390] ########################################
  1e-1   [   7917] ##################################################

Product magnitude distribution (posit<32,2> quire factorization):
  39453 products recorded, 29823 exact zeros
  1e-13  [     36] 
  1e-12  [    675] ####
  1e-11  [    291] #
  1e-10  [   1032] ######
  1e-9   [    732] ####
  1e-8   [    132] 
  1e-7   [   3594] ######################
  1e-6   [   5562] ###################################
  1e-5   [   7362] ##############################################
  1e-4   [   4980] ###############################
  1e-3   [    750] ####
  1e-2   [   6390] ########################################
  1e-1   [   7917] ##################################################

Dynamic range distribution (posit<32,2> plain factorization):
  7185 dot products recorded, 0 single-term, 2395 empty
   0 decades [    126] ###
   1 decades [     87] ##
   2 decades [   1971] ##################################################
   3 decades [    858] #####################
   4 decades [    600] ###############
   5 decades [    645] ################
   6 decades [     96] ##
   7 decades [   1080] ###########################
   8 decades [    708] #################
   9 decades [    396] ##########
  10 decades [    618] ###############

Dynamic range distribution (posit<32,2> quire factorization):
  7185 dot products recorded, 0 single-term, 2395 empty
   0 decades [    126] ###
   1 decades [     87] ##
   2 decades [   1971] ##################################################
   3 decades [    858] #####################
   4 decades [    600] ###############
   5 decades [    645] ################
   6 decades [     96] ##
   7 decades [   1080] ###########################
   8 decades [    708] #################
   9 decades [    396] ##########
  10 decades [    618] ###############

Working-precision residual: plain vs quire summation:
type          |   plain res  plain ferr    it |   quire res  quire ferr    it
--------------------------------------------------------------------------
posit<32,2>   |   7.720e-09   1.453e-05     5 |   2.815e-09   6.365e-06     6
posit<64,3>   |   3.164e-16   1.419e-13     1 |   3.164e-16   1.419e-13     1

Product magnitude distribution (posit<32,2> plain residual):
  65755 products recorded, 38159 exact zeros
  1e-13  [     60] 
  1e-12  [   1125] ####
  1e-11  [    485] #
  1e-10  [   1720] ######
  1e-9   [   1220] ####
  1e-8   [    220] 
  1e-7   [   5990] ######################
  1e-6   [   9270] ###################################
  1e-5   [  12270] ##############################################
  1e-4   [   8300] ###############################
  1e-3   [   1250] ####
  1e-2   [  10650] ########################################
  1e-1   [  13195] ##################################################

Product magnitude distribution (posit<32,2> quire residual):
  78906 products recorded, 42327 exact zeros
  1e-13  [     72] 
  1e-12  [   1350] ####
  1e-11  [    582] #
  1e-10  [   2064] ######
  1e-9   [   1464] ####
  1e-8   [    264] 
  1e-7   [   7188] ######################
  1e-6   [  11124] ###################################
  1e-5   [  14724] ##############################################
  1e-4   [   9960] ###############################
  1e-3   [   1500] ####
  1e-2   [  12780] ########################################
  1e-1   [  15834] ##################################################

Dynamic range distribution (posit<32,2> plain residual):
  11975 dot products recorded, 0 single-term, 2395 empty
   0 decades [    210] ###
   1 decades [    145] ##
   2 decades [   3285] ##################################################
   3 decades [   1430] #####################
   4 decades [   1000] ###############
   5 decades [   1075] ################
   6 decades [    160] ##
   7 decades [   1800] ###########################
   8 decades [   1180] #################
   9 decades [    660] ##########
  10 decades [   1030] ###############

Dynamic range distribution (posit<32,2> quire residual):
  14370 dot products recorded, 0 single-term, 2395 empty
   0 decades [    252] ###
   1 decades [    174] ##
   2 decades [   3942] ##################################################
   3 decades [   1716] #####################
   4 decades [   1200] ###############
   5 decades [   1290] ################
   6 decades [    192] ##
   7 decades [   2160] ###########################
   8 decades [   1416] #################
   9 decades [    792] ##########
  10 decades [   1236] ###############

Product magnitude distribution (posit<64,3> plain residual):
  13151 products recorded, 21487 exact zeros
  1e-13  [     12] 
  1e-12  [    225] ####
  1e-11  [     97] #
  1e-10  [    344] ######
  1e-9   [    244] ####
  1e-8   [     44] 
  1e-7   [   1198] ######################
  1e-6   [   1854] ###################################
  1e-5   [   2454] ##############################################
  1e-4   [   1660] ###############################
  1e-3   [    250] ####
  1e-2   [   2130] ########################################
  1e-1   [   2639] ##################################################

Product magnitude distribution (posit<64,3> quire residual):
  13151 products recorded, 21487 exact zeros
  1e-13  [     12] 
  1e-12  [    225] ####
  1e-11  [     97] #
  1e-10  [    344] ######
  1e-9   [    244] ####
  1e-8   [     44] 
  1e-7   [   1198] ######################
  1e-6   [   1854] ###################################
  1e-5   [   2454] ##############################################
  1e-4   [   1660] ###############################
  1e-3   [    250] ####
  1e-2   [   2130] ########################################
  1e-1   [   2639] ##################################################

Dynamic range distribution (posit<64,3> plain residual):
  2395 dot products recorded, 0 single-term, 2395 empty
   0 decades [     42] ###
   1 decades [     29] ##
   2 decades [    657] ##################################################
   3 decades [    286] #####################
   4 decades [    200] ###############
   5 decades [    215] ################
   6 decades [     32] ##
   7 decades [    360] ###########################
   8 decades [    236] #################
   9 decades [    132] ##########
  10 decades [    206] ###############

Dynamic range distribution (posit<64,3> quire residual):
  2395 dot products recorded, 0 single-term, 2395 empty
   0 decades [     42] ###
   1 decades [     29] ##
   2 decades [    657] ##################################################
   3 decades [    286] #####################
   4 decades [    200] ###############
   5 decades [    215] ################
   6 decades [     32] ##
   7 decades [    360] ###########################
   8 decades [    236] #################
   9 decades [    132] ##########
  10 decades [    206] ###############

Wrote csv/product_magnitude_histogram.csv
Wrote csv/dynamic_range_histogram.csv
