Loading data/rajat05/rajat05.mtx
Matrix: 301 x 301, nnz = 1384

Native KLU + double-residual iterative refinement (factor in posit):
type          |   plain res  plain ferr    it |   quire res  quire ferr    it
--------------------------------------------------------------------------
posit<16,2>   |   2.908e-11   3.944e-09    25 |   2.473e-09   9.462e-07    30
posit<32,2>   |   8.882e-16   4.267e-13     3 |   8.882e-16   4.960e-13     3

Product magnitude distribution (posit<16,2> plain factorization):
  31250 products recorded, 4734 exact zeros
  1e-7   [     68] 
  1e-6   [   3087] #####################
  1e-5   [   2752] ###################
  1e-4   [   2863] ####################
  1e-3   [   7027] ##################################################
  1e-2   [   4539] ################################
  1e-1   [   5462] ######################################
  1e0    [   5452] ######################################

Product magnitude distribution (posit<16,2> quire factorization):
  36250 products recorded, 5270 exact zeros
  1e-7   [     90] 
  1e-6   [   3593] #####################
  1e-5   [   3250] ###################
  1e-4   [   3272] ###################
  1e-3   [   8223] ##################################################
  1e-2   [   5301] ################################
  1e-1   [   6701] ########################################
  1e0    [   5820] ###################################

Dynamic range distribution (posit<16,2> plain factorization):
  7450 dot products recorded, 75 single-term, 301 empty
   0 decades [   1400] ##################################
   1 decades [    256] ######
   2 decades [   1165] ############################
   3 decades [   2047] ##################################################
   4 decades [    816] ###################
   5 decades [   1550] #####################################
   6 decades [    216] #####

Dynamic range distribution (posit<16,2> quire factorization):
  8642 dot products recorded, 87 single-term, 301 empty
   0 decades [   1624] ##################################
   1 decades [    290] ######
   2 decades [   1354] ############################
   3 decades [   2339] ##################################################
   4 decades [    965] ####################
   5 decades [   1811] ######################################
   6 decades [    259] #####

Product magnitude distribution (posit<32,2> plain factorization):
  3750 products recorded, 1786 exact zeros
  1e-7   [      9] 
  1e-6   [    367] #####################
  1e-5   [    331] ###################
  1e-4   [    345] ####################
  1e-3   [    848] ##################################################
  1e-2   [    550] ################################
  1e-1   [    574] #################################
  1e0    [    726] ##########################################

Product magnitude distribution (posit<32,2> quire factorization):
  3750 products recorded, 1786 exact zeros
  1e-7   [     12] 
  1e-6   [    369] #####################
  1e-5   [    330] ###################
  1e-4   [    343] ####################
  1e-3   [    845] ##################################################
  1e-2   [    563] #################################
  1e-1   [    559] #################################
  1e0    [    729] ###########################################

Dynamic range distribution (posit<32,2> plain factorization):
  894 dot products recorded, 9 single-term, 301 empty
   0 decades [    168] ##################################
   1 decades [     30] ######
   2 decades [    141] ############################
   3 decades [    245] ##################################################
   4 decades [     98] ####################
   5 decades [    185] #####################################
   6 decades [     27] #####

Dynamic range distribution (posit<32,2> quire factorization):
  894 dot products recorded, 9 single-term, 301 empty
   0 decades [    168] #################################
   1 decades [     30] ######
   2 decades [    141] ############################
   3 decades [    248] ##################################################
   4 decades [     91] ##################
   5 decades [    186] #####################################
   6 decades [     30] ######

Working-precision residual: plain vs quire summation:
type          |   plain res  plain ferr    it |   quire res  quire ferr    it
--------------------------------------------------------------------------
posit<32,2>   |   1.196e-08   1.230e-05     8 |   1.387e-08   8.773e-06     5
posit<64,3>   |   2.220e-16   2.711e-13     1 |   2.220e-16   2.711e-13     1

Product magnitude distribution (posit<32,2> plain residual):
  10000 products recorded, 2456 exact zeros
  1e-7   [     27] 
  1e-6   [    979] #####################
  1e-5   [    888] ###################
  1e-4   [    940] #####################
  1e-3   [   2228] ##################################################
  1e-2   [   1531] ##################################
  1e-1   [   1319] #############################
  1e0    [   2088] ##############################################

Product magnitude distribution (posit<32,2> quire residual):
  6250 products recorded, 2054 exact zeros
  1e-7   [     15] 
  1e-6   [    614] #####################
  1e-5   [    554] ###################
  1e-4   [    583] ####################
  1e-3   [   1398] ##################################################
  1e-2   [    956] ##################################
  1e-1   [    806] ############################
  1e0    [   1324] ###############################################

Dynamic range distribution (posit<32,2> plain residual):
  2384 dot products recorded, 24 single-term, 301 empty
   0 decades [    448] ##################################
   1 decades [     80] ######
   2 decades [    376] ############################
   3 decades [    653] ##################################################
   4 decades [    259] ###################
   5 decades [    493] #####################################
   6 decades [     75] #####

Dynamic range distribution (posit<32,2> quire residual):
  1490 dot products recorded, 15 single-term, 301 empty
   0 decades [    280] ##################################
   1 decades [     50] ######
   2 decades [    235] ############################
   3 decades [    409] ##################################################
   4 decades [    162] ###################
   5 decades [    309] #####################################
   6 decades [     45] #####

Product magnitude distribution (posit<64,3> plain residual):
  1250 products recorded, 1518 exact zeros
  1e-7   [      4] 
  1e-6   [    124] ######################
  1e-5   [    108] ###################
  1e-4   [    118] #####################
  1e-3   [    280] ##################################################
  1e-2   [    188] #################################
  1e-1   [    202] ####################################
  1e0    [    226] ########################################

Product magnitude distribution (posit<64,3> quire residual):
  1250 products recorded, 1518 exact zeros
  1e-7   [      4] 
  1e-6   [    124] ######################
  1e-5   [    108] ###################
  1e-4   [    118] #####################
  1e-3   [    280] ##################################################
  1e-2   [    188] #################################
  1e-1   [    202] ####################################
  1e0    [    226] ########################################

Dynamic range distribution (posit<64,3> plain residual):
  298 dot products recorded, 3 single-term, 301 empty
   0 decades [     56] #################################
   1 decades [     10] ######
   2 decades [     47] ############################
   3 decades [     83] ##################################################
   4 decades [     28] ################
   5 decades [     64] ######################################
   6 decades [     10] ######

Dynamic range distribution (posit<64,3> quire residual):
  298 dot products recorded, 3 single-term, 301 empty
   0 decades [     56] #################################
   1 decades [     10] ######
   2 decades [     47] ############################
   3 decades [     83] ##################################################
   4 decades [     28] ################
   5 decades [     64] ######################################
   6 decades [     10] ######

Wrote csv/product_magnitude_histogram.csv
Wrote csv/dynamic_range_histogram.csv
